Archive member included to satisfy reference by file (symbol)

c:/mounriver/mounriver_studio/toolchain/risc-v embedded gcc/bin/../lib/gcc/riscv-none-embed/8.2.0/rv32imacxw/ilp32\libgcc.a(save-restore.o)
                              ./Peripheral/src/ch32x035_flash.o (__riscv_save_7)
c:/mounriver/mounriver_studio/toolchain/risc-v embedded gcc/bin/../lib/gcc/riscv-none-embed/8.2.0/../../../../riscv-none-embed/lib/rv32imacxw/ilp32\libg_nano.a(lib_a-memcpy.o)
                              ./User/main.o (memcpy)
c:/mounriver/mounriver_studio/toolchain/risc-v embedded gcc/bin/../lib/gcc/riscv-none-embed/8.2.0/../../../../riscv-none-embed/lib/rv32imacxw/ilp32\libg_nano.a(lib_a-memset.o)
                              ./User/main.o (memset)
c:/mounriver/mounriver_studio/toolchain/risc-v embedded gcc/bin/../lib/gcc/riscv-none-embed/8.2.0/../../../../riscv-none-embed/lib/rv32imacxw/ilp32\libg_nano.a(lib_a-printf.o)
                              ./User/main.o (printf)
c:/mounriver/mounriver_studio/toolchain/risc-v embedded gcc/bin/../lib/gcc/riscv-none-embed/8.2.0/../../../../riscv-none-embed/lib/rv32imacxw/ilp32\libg_nano.a(lib_a-puts.o)
                              ./User/main.o (puts)
c:/mounriver/mounriver_studio/toolchain/risc-v embedded gcc/bin/../lib/gcc/riscv-none-embed/8.2.0/../../../../riscv-none-embed/lib/rv32imacxw/ilp32\libg_nano.a(lib_a-wbuf.o)
                              c:/mounriver/mounriver_studio/toolchain/risc-v embedded gcc/bin/../lib/gcc/riscv-none-embed/8.2.0/../../../../riscv-none-embed/lib/rv32imacxw/ilp32\libg_nano.a(lib_a-puts.o) (__swbuf_r)
c:/mounriver/mounriver_studio/toolchain/risc-v embedded gcc/bin/../lib/gcc/riscv-none-embed/8.2.0/../../../../riscv-none-embed/lib/rv32imacxw/ilp32\libg_nano.a(lib_a-wsetup.o)
                              c:/mounriver/mounriver_studio/toolchain/risc-v embedded gcc/bin/../lib/gcc/riscv-none-embed/8.2.0/../../../../riscv-none-embed/lib/rv32imacxw/ilp32\libg_nano.a(lib_a-puts.o) (__swsetup_r)
c:/mounriver/mounriver_studio/toolchain/risc-v embedded gcc/bin/../lib/gcc/riscv-none-embed/8.2.0/../../../../riscv-none-embed/lib/rv32imacxw/ilp32\libg_nano.a(lib_a-fflush.o)
                              c:/mounriver/mounriver_studio/toolchain/risc-v embedded gcc/bin/../lib/gcc/riscv-none-embed/8.2.0/../../../../riscv-none-embed/lib/rv32imacxw/ilp32\libg_nano.a(lib_a-wbuf.o) (_fflush_r)
c:/mounriver/mounriver_studio/toolchain/risc-v embedded gcc/bin/../lib/gcc/riscv-none-embed/8.2.0/../../../../riscv-none-embed/lib/rv32imacxw/ilp32\libg_nano.a(lib_a-findfp.o)
                              c:/mounriver/mounriver_studio/toolchain/risc-v embedded gcc/bin/../lib/gcc/riscv-none-embed/8.2.0/../../../../riscv-none-embed/lib/rv32imacxw/ilp32\libg_nano.a(lib_a-printf.o) (__sinit)
c:/mounriver/mounriver_studio/toolchain/risc-v embedded gcc/bin/../lib/gcc/riscv-none-embed/8.2.0/../../../../riscv-none-embed/lib/rv32imacxw/ilp32\libg_nano.a(lib_a-fwalk.o)
                              c:/mounriver/mounriver_studio/toolchain/risc-v embedded gcc/bin/../lib/gcc/riscv-none-embed/8.2.0/../../../../riscv-none-embed/lib/rv32imacxw/ilp32\libg_nano.a(lib_a-findfp.o) (_fwalk)
c:/mounriver/mounriver_studio/toolchain/risc-v embedded gcc/bin/../lib/gcc/riscv-none-embed/8.2.0/../../../../riscv-none-embed/lib/rv32imacxw/ilp32\libg_nano.a(lib_a-impure.o)
                              c:/mounriver/mounriver_studio/toolchain/risc-v embedded gcc/bin/../lib/gcc/riscv-none-embed/8.2.0/../../../../riscv-none-embed/lib/rv32imacxw/ilp32\libg_nano.a(lib_a-fflush.o) (_global_impure_ptr)
c:/mounriver/mounriver_studio/toolchain/risc-v embedded gcc/bin/../lib/gcc/riscv-none-embed/8.2.0/../../../../riscv-none-embed/lib/rv32imacxw/ilp32\libg_nano.a(lib_a-makebuf.o)
                              c:/mounriver/mounriver_studio/toolchain/risc-v embedded gcc/bin/../lib/gcc/riscv-none-embed/8.2.0/../../../../riscv-none-embed/lib/rv32imacxw/ilp32\libg_nano.a(lib_a-wsetup.o) (__smakebuf_r)
c:/mounriver/mounriver_studio/toolchain/risc-v embedded gcc/bin/../lib/gcc/riscv-none-embed/8.2.0/../../../../riscv-none-embed/lib/rv32imacxw/ilp32\libg_nano.a(lib_a-nano-freer.o)
                              c:/mounriver/mounriver_studio/toolchain/risc-v embedded gcc/bin/../lib/gcc/riscv-none-embed/8.2.0/../../../../riscv-none-embed/lib/rv32imacxw/ilp32\libg_nano.a(lib_a-wsetup.o) (_free_r)
c:/mounriver/mounriver_studio/toolchain/risc-v embedded gcc/bin/../lib/gcc/riscv-none-embed/8.2.0/../../../../riscv-none-embed/lib/rv32imacxw/ilp32\libg_nano.a(lib_a-nano-mallocr.o)
                              c:/mounriver/mounriver_studio/toolchain/risc-v embedded gcc/bin/../lib/gcc/riscv-none-embed/8.2.0/../../../../riscv-none-embed/lib/rv32imacxw/ilp32\libg_nano.a(lib_a-findfp.o) (_malloc_r)
c:/mounriver/mounriver_studio/toolchain/risc-v embedded gcc/bin/../lib/gcc/riscv-none-embed/8.2.0/../../../../riscv-none-embed/lib/rv32imacxw/ilp32\libg_nano.a(lib_a-nano-vfprintf.o)
[...]
Memory Configuration

Name             Origin             Length             Attributes
FLASH            0x0000000000000000 0x000000000000f800 xr
RAM              0x0000000020000000 0x0000000000004000 xrw
*default*        0x0000000000000000 0xffffffffffffffff

Linker script and memory map

LOAD ./User/ch32x035_it.o
LOAD ./User/main.o
LOAD ./User/system_ch32x035.o
LOAD ./Startup/startup_ch32x035.o
LOAD ./Peripheral/src/ch32x035_adc.o
LOAD ./Peripheral/src/ch32x035_awu.o
LOAD ./Peripheral/src/ch32x035_dbgmcu.o
LOAD ./Peripheral/src/ch32x035_dma.o
LOAD ./Peripheral/src/ch32x035_exti.o
LOAD ./Peripheral/src/ch32x035_flash.o
LOAD ./Peripheral/src/ch32x035_gpio.o
LOAD ./Peripheral/src/ch32x035_i2c.o
LOAD ./Peripheral/src/ch32x035_iwdg.o
LOAD ./Peripheral/src/ch32x035_misc.o
LOAD ./Peripheral/src/ch32x035_opa.o
LOAD ./Peripheral/src/ch32x035_pwr.o
LOAD ./Peripheral/src/ch32x035_rcc.o
LOAD ./Peripheral/src/ch32x035_spi.o
LOAD ./Peripheral/src/ch32x035_tim.o
LOAD ./Peripheral/src/ch32x035_usart.o
LOAD ./Peripheral/src/ch32x035_wwdg.o
LOAD ./Debug/debug.o
LOAD ./Core/core_riscv.o
LOAD c:/mounriver/mounriver_studio/toolchain/risc-v embedded gcc/bin/../lib/gcc/riscv-none-embed/8.2.0/rv32imacxw/ilp32\libgcc.a
LOAD c:/mounriver/mounriver_studio/toolchain/risc-v embedded gcc/bin/../lib/gcc/riscv-none-embed/8.2.0/../../../../riscv-none-embed/lib/rv32imacxw/ilp32\libg_nano.a
LOAD c:/mounriver/mounriver_studio/toolchain/risc-v embedded gcc/bin/../lib/gcc/riscv-none-embed/8.2.0/../../../../riscv-none-embed/lib/rv32imacxw/ilp32\libc_nano.a
LOAD c:/mounriver/mounriver_studio/toolchain/risc-v embedded gcc/bin/../lib/gcc/riscv-none-embed/8.2.0/rv32imacxw/ilp32\libgcc.a
START GROUP
LOAD c:/mounriver/mounriver_studio/toolchain/risc-v embedded gcc/bin/../lib/gcc/riscv-none-embed/8.2.0/rv32imacxw/ilp32\libgcc.a
LOAD c:/mounriver/mounriver_studio/toolchain/risc-v embedded gcc/bin/../lib/gcc/riscv-none-embed/8.2.0/../../../../riscv-none-embed/lib/rv32imacxw/ilp32\libc_nano.a
LOAD c:/mounriver/mounriver_studio/toolchain/risc-v embedded gcc/bin/../lib/gcc/riscv-none-embed/8.2.0/../../../../riscv-none-embed/lib/rv32imacxw/ilp32\libnosys.a
END GROUP
START GROUP
LOAD c:/mounriver/mounriver_studio/toolchain/risc-v embedded gcc/bin/../lib/gcc/riscv-none-embed/8.2.0/rv32imacxw/ilp32\libgcc.a
LOAD c:/mounriver/mounriver_studio/toolchain/risc-v embedded gcc/bin/../lib/gcc/riscv-none-embed/8.2.0/../../../../riscv-none-embed/lib/rv32imacxw/ilp32\libc_nano.a
LOAD c:/mounriver/mounriver_studio/toolchain/risc-v embedded gcc/bin/../lib/gcc/riscv-none-embed/8.2.0/../../../../riscv-none-embed/lib/rv32imacxw/ilp32\libnosys.a
END GROUP
                0x0000000000000800                __stack_size = 0x800
                [!provide]                        PROVIDE (_stack_size = __stack_size)

.init           0x0000000000000000        0x4
                0x0000000000000000                _sinit = .
                0x0000000000000000                . = ALIGN (0x4)
 *(SORT_NONE(.init))
 .init          0x0000000000000000        0x4 ./Startup/startup_ch32x035.o
                0x0000000000000000                _start
                0x0000000000000004                . = ALIGN (0x4)
                0x0000000000000004                _einit = .

.vector         0x0000000000000004       0xfc
 *(.vector)
 .vector        0x0000000000000004       0xdc ./Startup/startup_ch32x035.o
                0x0000000000000100                . = ALIGN (0x40)
 *fill*         0x00000000000000e0       0x20 

.text           0x0000000000000100     0x1fe8
                0x0000000000000100                . = ALIGN (0x4)
 *(.text)
 .text          0x0000000000000100       0x60 c:/mounriver/mounriver_studio/toolchain/risc-v embedded gcc/bin/../lib/gcc/riscv-none-embed/8.2.0/rv32imacxw/ilp32\libgcc.a(save-restore.o)
                0x0000000000000100                __riscv_save_12
                0x0000000000000108                __riscv_save_9
                0x0000000000000108                __riscv_save_11
                0x0000000000000108                __riscv_save_10
                0x0000000000000108                __riscv_save_8
                0x0000000000000116                __riscv_save_4
                0x0000000000000116                __riscv_save_6
                0x0000000000000116                __riscv_save_5
                0x0000000000000116                __riscv_save_7
                0x0000000000000130                __riscv_save_3
                0x0000000000000130                __riscv_save_2
                0x0000000000000130                __riscv_save_1
                0x0000000000000130                __riscv_save_0
                0x000000000000013c                __riscv_restore_12
                0x0000000000000140                __riscv_restore_11
                0x0000000000000140                __riscv_restore_9
                0x0000000000000140                __riscv_restore_10
                0x0000000000000140                __riscv_restore_8
                0x000000000000014a                __riscv_restore_5
                0x000000000000014a                __riscv_restore_7
                0x000000000000014a                __riscv_restore_6
                0x000000000000014a                __riscv_restore_4
                0x0000000000000154                __riscv_restore_3
                0x0000000000000154                __riscv_restore_0
                0x0000000000000154                __riscv_restore_2
                0x0000000000000154                __riscv_restore_1
 .text          0x0000000000000160       0xa8 c:/mounriver/mounriver_studio/toolchain/risc-v embedded gcc/bin/../lib/gcc/riscv-none-embed/8.2.0/../../../../riscv-none-embed/lib/rv32imacxw/ilp32\libg_nano.a(lib_a-memset.o)
                0x0000000000000160                memset
 *(.text.*)
 .text.NMI_Handler
                0x0000000000000208        0x2 ./User/ch32x035_it.o
                0x0000000000000208                NMI_Handler
 .text.HardFault_Handler
                0x000000000000020a        0x2 ./User/ch32x035_it.o
                0x000000000000020a                HardFault_Handler
 .text.PIOC_INIT
                0x000000000000020c       0x7e ./User/main.o
                0x000000000000020c                PIOC_INIT
 .text.GPIO_Toggle_INIT
                0x000000000000028a       0x2e ./User/main.o
                0x000000000000028a                GPIO_Toggle_INIT
 .text.TIM1_PWMOut_Init
                0x00000000000002b8       0x94 ./User/main.o
                0x00000000000002b8                TIM1_PWMOut_Init
 .text.TIM1_DMA_Init
                0x000000000000034c       0x5e ./User/main.o
                0x000000000000034c                TIM1_DMA_Init
 .text.startup.main
                0x00000000000003aa      0x10a ./User/main.o
                0x00000000000003aa                main
 .text.PIOC_IRQHandler
                0x00000000000004b4       0x6c ./User/main.o
                0x00000000000004b4                PIOC_IRQHandler
 .text.SystemInit
                0x0000000000000520       0x42 ./User/system_ch32x035.o
                0x0000000000000520                SystemInit
 .text.SystemCoreClockUpdate
                0x0000000000000562       0x3e ./User/system_ch32x035.o
                0x0000000000000562                SystemCoreClockUpdate
 .text.vector_handler
                0x00000000000005a0        0x2 ./Startup/startup_ch32x035.o
                0x00000000000005a0                TIM1_CC_IRQHandler
                0x00000000000005a0                TIM2_UP_IRQHandler
                0x00000000000005a0                USBPD_IRQHandler
                0x00000000000005a0                SysTick_Handler
                0x00000000000005a0                PVD_IRQHandler
                0x00000000000005a0                EXTI25_16_IRQHandler
                0x00000000000005a0                USBFS_IRQHandler
                0x00000000000005a0                Break_Point_Handler
                0x00000000000005a0                TIM2_TRG_COM_IRQHandler
                0x00000000000005a0                TIM2_CC_IRQHandler
                0x00000000000005a0                SPI1_IRQHandler
                0x00000000000005a0                AWU_IRQHandler
                0x00000000000005a0                EXTI7_0_IRQHandler
                0x00000000000005a0                Ecall_M_Mode_Handler
                0x00000000000005a0                DMA1_Channel4_IRQHandler
                0x00000000000005a0                ADC1_IRQHandler
                0x00000000000005a0                TIM2_BRK_IRQHandler
                0x00000000000005a0                USART3_IRQHandler
                0x00000000000005a0                DMA1_Channel7_IRQHandler
                0x00000000000005a0                USBPDWakeUp_IRQHandler
                0x00000000000005a0                EXTI15_8_IRQHandler
                0x00000000000005a0                I2C1_EV_IRQHandler
                0x00000000000005a0                USART4_IRQHandler
                0x00000000000005a0                DMA1_Channel6_IRQHandler
                0x00000000000005a0                TIM3_IRQHandler
                0x00000000000005a0                TIM1_TRG_COM_IRQHandler
                0x00000000000005a0                DMA1_Channel1_IRQHandler
                0x00000000000005a0                DMA1_Channel8_IRQHandler
                0x00000000000005a0                DMA1_Channel5_IRQHandler
                0x00000000000005a0                DMA1_Channel3_IRQHandler
                0x00000000000005a0                TIM1_UP_IRQHandler
                0x00000000000005a0                WWDG_IRQHandler
                0x00000000000005a0                Ecall_U_Mode_Handler
                0x00000000000005a0                SW_Handler
                0x00000000000005a0                TIM1_BRK_IRQHandler
                0x00000000000005a0                OPA_IRQHandler
                0x00000000000005a0                USART2_IRQHandler
                0x00000000000005a0                DMA1_Channel2_IRQHandler
                0x00000000000005a0                FLASH_IRQHandler
                0x00000000000005a0                USBFSWakeUp_IRQHandler
                0x00000000000005a0                USART1_IRQHandler
                0x00000000000005a0                I2C1_ER_IRQHandler
 .text.handle_reset
                0x00000000000005a2       0x86 ./Startup/startup_ch32x035.o
                0x00000000000005a2                handle_reset
 .text.DBGMCU_GetCHIPID
                0x0000000000000628        0xa ./Peripheral/src/ch32x035_dbgmcu.o
                0x0000000000000628                DBGMCU_GetCHIPID
 .text.DMA_DeInit
                0x0000000000000632       0xa2 ./Peripheral/src/ch32x035_dma.o
                0x0000000000000632                DMA_DeInit
 .text.DMA_Init
                0x00000000000006d4       0x38 ./Peripheral/src/ch32x035_dma.o
                0x00000000000006d4                DMA_Init
 .text.DMA_Cmd  0x000000000000070c       0x14 ./Peripheral/src/ch32x035_dma.o
                0x000000000000070c                DMA_Cmd
 .text.GPIO_Init
                0x0000000000000720      0x158 ./Peripheral/src/ch32x035_gpio.o
                0x0000000000000720                GPIO_Init
 .text.GPIO_WriteBit
                0x0000000000000878       0x14 ./Peripheral/src/ch32x035_gpio.o
                0x0000000000000878                GPIO_WriteBit
 .text.GPIO_PinRemapConfig
                0x000000000000088c       0xa0 ./Peripheral/src/ch32x035_gpio.o
                0x000000000000088c                GPIO_PinRemapConfig
 .text.NVIC_PriorityGroupConfig
                0x000000000000092c        0x6 ./Peripheral/src/ch32x035_misc.o
                0x000000000000092c                NVIC_PriorityGroupConfig
 .text.RCC_GetClocksFreq
                0x0000000000000932       0x3e ./Peripheral/src/ch32x035_rcc.o
                0x0000000000000932                RCC_GetClocksFreq
 .text.RCC_AHBPeriphClockCmd
                0x0000000000000970       0x1e ./Peripheral/src/ch32x035_rcc.o
                0x0000000000000970                RCC_AHBPeriphClockCmd
 .text.RCC_APB2PeriphClockCmd
                0x000000000000098e       0x1e ./Peripheral/src/ch32x035_rcc.o
                0x000000000000098e                RCC_APB2PeriphClockCmd
 .text.TIM_TimeBaseInit
                0x00000000000009ac       0x56 ./Peripheral/src/ch32x035_tim.o
                0x00000000000009ac                TIM_TimeBaseInit
 .text.TIM_OC1Init
                0x0000000000000a02       0x72 ./Peripheral/src/ch32x035_tim.o
                0x0000000000000a02                TIM_OC1Init
 .text.TIM_Cmd  0x0000000000000a74       0x18 ./Peripheral/src/ch32x035_tim.o
                0x0000000000000a74                TIM_Cmd
 .text.TIM_CtrlPWMOutputs
                0x0000000000000a8c       0x16 ./Peripheral/src/ch32x035_tim.o
                0x0000000000000a8c                TIM_CtrlPWMOutputs
 .text.TIM_ITConfig
                0x0000000000000aa2       0x12 ./Peripheral/src/ch32x035_tim.o
                0x0000000000000aa2                TIM_ITConfig
 .text.TIM_DMACmd
                0x0000000000000ab4        0xa ./Peripheral/src/ch32x035_tim.o
                0x0000000000000ab4                TIM_DMACmd
 .text.TIM_ARRPreloadConfig
                0x0000000000000abe       0x1a ./Peripheral/src/ch32x035_tim.o
                0x0000000000000abe                TIM_ARRPreloadConfig
 .text.TIM_OC1PreloadConfig
                0x0000000000000ad8        0xe ./Peripheral/src/ch32x035_tim.o
                0x0000000000000ad8                TIM_OC1PreloadConfig
 .text.USART_Init
                0x0000000000000ae6       0x8e ./Peripheral/src/ch32x035_usart.o
                0x0000000000000ae6                USART_Init
 .text.USART_Cmd
                0x0000000000000b74       0x16 ./Peripheral/src/ch32x035_usart.o
                0x0000000000000b74                USART_Cmd
 .text.USART_SendData
                0x0000000000000b8a        0x8 ./Peripheral/src/ch32x035_usart.o
                0x0000000000000b8a                USART_SendData
 .text.USART_GetFlagStatus
                0x0000000000000b92        0xa ./Peripheral/src/ch32x035_usart.o
                0x0000000000000b92                USART_GetFlagStatus
 .text.Delay_Init
                0x0000000000000b9c       0x2a ./Debug/debug.o
                0x0000000000000b9c                Delay_Init
 .text.Delay_Ms
                0x0000000000000bc6       0x36 ./Debug/debug.o
                0x0000000000000bc6                Delay_Ms
 .text.USART_Printf_Init
                0x0000000000000bfc       0x52 ./Debug/debug.o
                0x0000000000000bfc                USART_Printf_Init
 .text._write   0x0000000000000c4e       0x3a ./Debug/debug.o
                0x0000000000000c4e                _write
 .text._sbrk    0x0000000000000c88       0x26 ./Debug/debug.o
                0x0000000000000c88                _sbrk
 .text.memcpy   0x0000000000000cae       0xb2 c:/mounriver/mounriver_studio/toolchain/risc-v embedded gcc/bin/../lib/gcc/riscv-none-embed/8.2.0/../../../../riscv-none-embed/lib/rv32imacxw/ilp32\libg_nano.a(lib_a-memcpy.o)
                0x0000000000000cae                memcpy
 .text.printf   0x0000000000000d60       0x40 c:/mounriver/mounriver_studio/toolchain/risc-v embedded gcc/bin/../lib/gcc/riscv-none-embed/8.2.0/../../../../riscv-none-embed/lib/rv32imacxw/ilp32\libg_nano.a(lib_a-printf.o)
                0x0000000000000d60                iprintf
                0x0000000000000d60                printf
 .text._puts_r  0x0000000000000da0       0xd4 c:/mounriver/mounriver_studio/toolchain/risc-v embedded gcc/bin/../lib/gcc/riscv-none-embed/8.2.0/../../../../riscv-none-embed/lib/rv32imacxw/ilp32\libg_nano.a(lib_a-puts.o)
                0x0000000000000da0                _puts_r
 .text.puts     0x0000000000000e74        0xa c:/mounriver/mounriver_studio/toolchain/risc-v embedded gcc/bin/../lib/gcc/riscv-none-embed/8.2.0/../../../../riscv-none-embed/lib/rv32imacxw/ilp32\libg_nano.a(lib_a-puts.o)
                0x0000000000000e74                puts
 .text.__swbuf_r
                0x0000000000000e7e       0xbc c:/mounriver/mounriver_studio/toolchain/risc-v embedded gcc/bin/../lib/gcc/riscv-none-embed/8.2.0/../../../../riscv-none-embed/lib/rv32imacxw/ilp32\libg_nano.a(lib_a-wbuf.o)
                0x0000000000000e7e                __swbuf_r
 .text.__swsetup_r
                0x0000000000000f3a       0xfc c:/mounriver/mounriver_studio/toolchain/risc-v embedded gcc/bin/../lib/gcc/riscv-none-embed/8.2.0/../../../../riscv-none-embed/lib/rv32imacxw/ilp32\libg_nano.a(lib_a-wsetup.o)
                0x0000000000000f3a                __swsetup_r
 .text.__sflush_r
                0x0000000000001036      0x130 c:/mounriver/mounriver_studio/toolchain/risc-v embedded gcc/bin/../lib/gcc/riscv-none-embed/8.2.0/../../../../riscv-none-embed/lib/rv32imacxw/ilp32\libg_nano.a(lib_a-fflush.o)
                0x0000000000001036                __sflush_r
 .text._fflush_r
                0x0000000000001166       0x64 c:/mounriver/mounriver_studio/toolchain/risc-v embedded gcc/bin/../lib/gcc/riscv-none-embed/8.2.0/../../../../riscv-none-embed/lib/rv32imacxw/ilp32\libg_nano.a(lib_a-fflush.o)
                0x0000000000001166                _fflush_r
 .text.std      0x00000000000011ca       0x66 c:/mounriver/mounriver_studio/toolchain/risc-v embedded gcc/bin/../lib/gcc/riscv-none-embed/8.2.0/../../../../riscv-none-embed/lib/rv32imacxw/ilp32\libg_nano.a(lib_a-findfp.o)
 .text._cleanup_r
                0x0000000000001230        0xa c:/mounriver/mounriver_studio/toolchain/risc-v embedded gcc/bin/../lib/gcc/riscv-none-embed/8.2.0/../../../../riscv-none-embed/lib/rv32imacxw/ilp32\libg_nano.a(lib_a-findfp.o)
                0x0000000000001230                _cleanup_r
 .text.__sfmoreglue
                0x000000000000123a       0x46 c:/mounriver/mounriver_studio/toolchain/risc-v embedded gcc/bin/../lib/gcc/riscv-none-embed/8.2.0/../../../../riscv-none-embed/lib/rv32imacxw/ilp32\libg_nano.a(lib_a-findfp.o)
                0x000000000000123a                __sfmoreglue
 .text.__sinit  0x0000000000001280       0x66 c:/mounriver/mounriver_studio/toolchain/risc-v embedded gcc/bin/../lib/gcc/riscv-none-embed/8.2.0/../../../../riscv-none-embed/lib/rv32imacxw/ilp32\libg_nano.a(lib_a-findfp.o)
                0x0000000000001280                __sinit
 .text.__sfp    0x00000000000012e6       0x9c c:/mounriver/mounriver_studio/toolchain/risc-v embedded gcc/bin/../lib/gcc/riscv-none-embed/8.2.0/../../../../riscv-none-embed/lib/rv32imacxw/ilp32\libg_nano.a(lib_a-findfp.o)
                0x00000000000012e6                __sfp
 .text._fwalk_reent
                0x0000000000001382       0x6a c:/mounriver/mounriver_studio/toolchain/risc-v embedded gcc/bin/../lib/gcc/riscv-none-embed/8.2.0/../../../../riscv-none-embed/lib/rv32imacxw/ilp32\libg_nano.a(lib_a-fwalk.o)
                0x0000000000001382                _fwalk_reent
 .text.__swhatbuf_r
                0x00000000000013ec       0x58 c:/mounriver/mounriver_studio/toolchain/risc-v embedded gcc/bin/../lib/gcc/riscv-none-embed/8.2.0/../../../../riscv-none-embed/lib/rv32imacxw/ilp32\libg_nano.a(lib_a-makebuf.o)
                0x00000000000013ec                __swhatbuf_r
 .text.__smakebuf_r
                0x0000000000001444       0x90 c:/mounriver/mounriver_studio/toolchain/risc-v embedded gcc/bin/../lib/gcc/riscv-none-embed/8.2.0/../../../../riscv-none-embed/lib/rv32imacxw/ilp32\libg_nano.a(lib_a-makebuf.o)
                0x0000000000001444                __smakebuf_r
 .text._free_r  0x00000000000014d4       0xa8 c:/mounriver/mounriver_studio/toolchain/risc-v embedded gcc/bin/../lib/gcc/riscv-none-embed/8.2.0/../../../../riscv-none-embed/lib/rv32imacxw/ilp32\libg_nano.a(lib_a-nano-freer.o)
                0x00000000000014d4                _free_r
 .text._malloc_r
                0x000000000000157c       0xd4 c:/mounriver/mounriver_studio/toolchain/risc-v embedded gcc/bin/../lib/gcc/riscv-none-embed/8.2.0/../../../../riscv-none-embed/lib/rv32imacxw/ilp32\libg_nano.a(lib_a-nano-mallocr.o)
                0x000000000000157c                _malloc_r
 .text.__sfputc_r
                0x0000000000001650       0x28 c:/mounriver/mounriver_studio/toolchain/risc-v embedded gcc/bin/../lib/gcc/riscv-none-embed/8.2.0/../../../../riscv-none-embed/lib/rv32imacxw/ilp32\libg_nano.a(lib_a-nano-vfprintf.o)
 .text.__sfputs_r
                0x0000000000001678       0x40 c:/mounriver/mounriver_studio/toolchain/risc-v embedded gcc/bin/../lib/gcc/riscv-none-embed/8.2.0/../../../../riscv-none-embed/lib/rv32imacxw/ilp32\libg_nano.a(lib_a-nano-vfprintf.o)
                0x0000000000001678                __sfputs_r
 .text._vfprintf_r
                0x00000000000016b8      0x284 c:/mounriver/mounriver_studio/toolchain/risc-v embedded gcc/bin/../lib/gcc/riscv-none-embed/8.2.0/../../../../riscv-none-embed/lib/rv32imacxw/ilp32\libg_nano.a(lib_a-nano-vfprintf.o)
                0x00000000000016b8                _vfprintf_r
                0x00000000000016b8                _vfiprintf_r
 .text._printf_common
                0x000000000000193c      0x10c c:/mounriver/mounriver_studio/toolchain/risc-v embedded gcc/bin/../lib/gcc/riscv-none-embed/8.2.0/../../../../riscv-none-embed/lib/rv32imacxw/ilp32\libg_nano.a(lib_a-nano-vfprintf_i.o)
                0x000000000000193c                _printf_common
 .text._printf_i
                0x0000000000001a48      0x2a0 c:/mounriver/mounriver_studio/toolchain/risc-v embedded gcc/bin/../lib/gcc/riscv-none-embed/8.2.0/../../../../riscv-none-embed/lib/rv32imacxw/ilp32\libg_nano.a(lib_a-nano-vfprintf_i.o)
                0x0000000000001a48                _printf_i
 .text._sbrk_r  0x0000000000001ce8       0x2a c:/mounriver/mounriver_studio/toolchain/risc-v embedded gcc/bin/../lib/gcc/riscv-none-embed/8.2.0/../../../../riscv-none-embed/lib/rv32imacxw/ilp32\libg_nano.a(lib_a-sbrkr.o)
                0x0000000000001ce8                _sbrk_r
 .text.__sread  0x0000000000001d12       0x2c c:/mounriver/mounriver_studio/toolchain/risc-v embedded gcc/bin/../lib/gcc/riscv-none-embed/8.2.0/../../../../riscv-none-embed/lib/rv32imacxw/ilp32\libg_nano.a(lib_a-stdio.o)
                0x0000000000001d12                __sread
 .text.__swrite
                0x0000000000001d3e       0x48 c:/mounriver/mounriver_studio/toolchain/risc-v embedded gcc/bin/../lib/gcc/riscv-none-embed/8.2.0/../../../../riscv-none-embed/lib/rv32imacxw/ilp32\libg_nano.a(lib_a-stdio.o)
                0x0000000000001d3e                __swrite
 .text.__sseek  0x0000000000001d86       0x30 c:/mounriver/mounriver_studio/toolchain/risc-v embedded gcc/bin/../lib/gcc/riscv-none-embed/8.2.0/../../../../riscv-none-embed/lib/rv32imacxw/ilp32\libg_nano.a(lib_a-stdio.o)
                0x0000000000001d86                __sseek
 .text.__sclose
                0x0000000000001db6        0x6 c:/mounriver/mounriver_studio/toolchain/risc-v embedded gcc/bin/../lib/gcc/riscv-none-embed/8.2.0/../../../../riscv-none-embed/lib/rv32imacxw/ilp32\libg_nano.a(lib_a-stdio.o)
                0x0000000000001db6                __sclose
 .text._write_r
                0x0000000000001dbc       0x2e c:/mounriver/mounriver_studio/toolchain/risc-v embedded gcc/bin/../lib/gcc/riscv-none-embed/8.2.0/../../../../riscv-none-embed/lib/rv32imacxw/ilp32\libg_nano.a(lib_a-writer.o)
                0x0000000000001dbc                _write_r
 .text._close_r
                0x0000000000001dea       0x28 c:/mounriver/mounriver_studio/toolchain/risc-v embedded gcc/bin/../lib/gcc/riscv-none-embed/8.2.0/../../../../riscv-none-embed/lib/rv32imacxw/ilp32\libg_nano.a(lib_a-closer.o)
                0x0000000000001dea                _close_r
 .text._fstat_r
                0x0000000000001e12       0x2a c:/mounriver/mounriver_studio/toolchain/risc-v embedded gcc/bin/../lib/gcc/riscv-none-embed/8.2.0/../../../../riscv-none-embed/lib/rv32imacxw/ilp32\libg_nano.a(lib_a-fstatr.o)
                0x0000000000001e12                _fstat_r
 .text._isatty_r
                0x0000000000001e3c       0x28 c:/mounriver/mounriver_studio/toolchain/risc-v embedded gcc/bin/../lib/gcc/riscv-none-embed/8.2.0/../../../../riscv-none-embed/lib/rv32imacxw/ilp32\libg_nano.a(lib_a-isattyr.o)
                0x0000000000001e3c                _isatty_r
 .text._lseek_r
                0x0000000000001e64       0x2c c:/mounriver/mounriver_studio/toolchain/risc-v embedded gcc/bin/../lib/gcc/riscv-none-embed/8.2.0/../../../../riscv-none-embed/lib/rv32imacxw/ilp32\libg_nano.a(lib_a-lseekr.o)
                0x0000000000001e64                _lseek_r
 .text.memchr   0x0000000000001e90       0x18 c:/mounriver/mounriver_studio/toolchain/risc-v embedded gcc/bin/../lib/gcc/riscv-none-embed/8.2.0/../../../../riscv-none-embed/lib/rv32imacxw/ilp32\libg_nano.a(lib_a-memchr.o)
                0x0000000000001e90                memchr
 .text.__malloc_lock
                0x0000000000001ea8        0x2 c:/mounriver/mounriver_studio/toolchain/risc-v embedded gcc/bin/../lib/gcc/riscv-none-embed/8.2.0/../../../../riscv-none-embed/lib/rv32imacxw/ilp32\libg_nano.a(lib_a-mlock.o)
                0x0000000000001ea8                __malloc_lock
 .text.__malloc_unlock
                0x0000000000001eaa        0x2 c:/mounriver/mounriver_studio/toolchain/risc-v embedded gcc/bin/../lib/gcc/riscv-none-embed/8.2.0/../../../../riscv-none-embed/lib/rv32imacxw/ilp32\libg_nano.a(lib_a-mlock.o)
                0x0000000000001eaa                __malloc_unlock
 .text._read_r  0x0000000000001eac       0x2c c:/mounriver/mounriver_studio/toolchain/risc-v embedded gcc/bin/../lib/gcc/riscv-none-embed/8.2.0/../../../../riscv-none-embed/lib/rv32imacxw/ilp32\libg_nano.a(lib_a-readr.o)
                0x0000000000001eac                _read_r
 .text._close   0x0000000000001ed8        0xc c:/mounriver/mounriver_studio/toolchain/risc-v embedded gcc/bin/../lib/gcc/riscv-none-embed/8.2.0/../../../../riscv-none-embed/lib/rv32imacxw/ilp32\libnosys.a(close.o)
                0x0000000000001ed8                _close
 .text._fstat   0x0000000000001ee4        0xc c:/mounriver/mounriver_studio/toolchain/risc-v embedded gcc/bin/../lib/gcc/riscv-none-embed/8.2.0/../../../../riscv-none-embed/lib/rv32imacxw/ilp32\libnosys.a(fstat.o)
                0x0000000000001ee4                _fstat
 .text._isatty  0x0000000000001ef0        0xc c:/mounriver/mounriver_studio/toolchain/risc-v embedded gcc/bin/../lib/gcc/riscv-none-embed/8.2.0/../../../../riscv-none-embed/lib/rv32imacxw/ilp32\libnosys.a(isatty.o)
                0x0000000000001ef0                _isatty
 .text._lseek   0x0000000000001efc        0xc c:/mounriver/mounriver_studio/toolchain/risc-v embedded gcc/bin/../lib/gcc/riscv-none-embed/8.2.0/../../../../riscv-none-embed/lib/rv32imacxw/ilp32\libnosys.a(lseek.o)
                0x0000000000001efc                _lseek
 .text._read    0x0000000000001f08        0xc c:/mounriver/mounriver_studio/toolchain/risc-v embedded gcc/bin/../lib/gcc/riscv-none-embed/8.2.0/../../../../riscv-none-embed/lib/rv32imacxw/ilp32\libnosys.a(read.o)
                0x0000000000001f08                _read
 *(.rodata)
 *(.rodata*)
 *fill*         0x0000000000001f14        0xc 
 .rodata.PIOC_CODE
                0x0000000000001f20       0xc6 ./User/main.o
                0x0000000000001f20                PIOC_CODE
 *fill*         0x0000000000001fe6        0x2 
 .rodata.main.str1.4
                0x0000000000001fe8       0x62 ./User/main.o
 *fill*         0x000000000000204a        0x2 
 .rodata.__sf_fake_stderr
                0x000000000000204c       0x20 c:/mounriver/mounriver_studio/toolchain/risc-v embedded gcc/bin/../lib/gcc/riscv-none-embed/8.2.0/../../../../riscv-none-embed/lib/rv32imacxw/ilp32\libg_nano.a(lib_a-findfp.o)
                0x000000000000204c                __sf_fake_stderr
 .rodata.__sf_fake_stdin
                0x000000000000206c       0x20 c:/mounriver/mounriver_studio/toolchain/risc-v embedded gcc/bin/../lib/gcc/riscv-none-embed/8.2.0/../../../../riscv-none-embed/lib/rv32imacxw/ilp32\libg_nano.a(lib_a-findfp.o)
                0x000000000000206c                __sf_fake_stdin
 .rodata.__sf_fake_stdout
                0x000000000000208c       0x20 c:/mounriver/mounriver_studio/toolchain/risc-v embedded gcc/bin/../lib/gcc/riscv-none-embed/8.2.0/../../../../riscv-none-embed/lib/rv32imacxw/ilp32\libg_nano.a(lib_a-findfp.o)
                0x000000000000208c                __sf_fake_stdout
 .rodata._vfprintf_r.str1.4
                0x00000000000020ac       0x13 c:/mounriver/mounriver_studio/toolchain/risc-v embedded gcc/bin/../lib/gcc/riscv-none-embed/8.2.0/../../../../riscv-none-embed/lib/rv32imacxw/ilp32\libg_nano.a(lib_a-nano-vfprintf.o)
 *fill*         0x00000000000020bf        0x1 
 .rodata._printf_i.str1.4
                0x00000000000020c0       0x28 c:/mounriver/mounriver_studio/toolchain/risc-v embedded gcc/bin/../lib/gcc/riscv-none-embed/8.2.0/../../../../riscv-none-embed/lib/rv32imacxw/ilp32\libg_nano.a(lib_a-nano-vfprintf_i.o)
                                         0x25 (size before relaxing)
 *(.gnu.linkonce.t.*)
                0x00000000000020e8                . = ALIGN (0x4)

.rela.dyn       0x00000000000020e8        0x0
 .rela.init     0x00000000000020e8        0x0 ./User/ch32x035_it.o
 .rela.vector   0x00000000000020e8        0x0 ./User/ch32x035_it.o
 .rela.text.handle_reset
                0x00000000000020e8        0x0 ./User/ch32x035_it.o
 .rela.text._sbrk
                0x00000000000020e8        0x0 ./User/ch32x035_it.o
 .rela.sdata.curbrk.4333
                0x00000000000020e8        0x0 ./User/ch32x035_it.o
 .rela.text._vfprintf_r
                0x00000000000020e8        0x0 ./User/ch32x035_it.o
 .rela.text._sbrk_r
                0x00000000000020e8        0x0 ./User/ch32x035_it.o
 .rela.text._write_r
                0x00000000000020e8        0x0 ./User/ch32x035_it.o
 .rela.text._close_r
                0x00000000000020e8        0x0 ./User/ch32x035_it.o
 .rela.text._fstat_r
                0x00000000000020e8        0x0 ./User/ch32x035_it.o
 .rela.text._isatty_r
                0x00000000000020e8        0x0 ./User/ch32x035_it.o
 .rela.text._lseek_r
                0x00000000000020e8        0x0 ./User/ch32x035_it.o
 .rela.text._read_r
                0x00000000000020e8        0x0 ./User/ch32x035_it.o
 .rela.text._close
                0x00000000000020e8        0x0 ./User/ch32x035_it.o
 .rela.text._fstat
                0x00000000000020e8        0x0 ./User/ch32x035_it.o
 .rela.text._isatty
                0x00000000000020e8        0x0 ./User/ch32x035_it.o
 .rela.text._lseek
                0x00000000000020e8        0x0 ./User/ch32x035_it.o
 .rela.text._read
                0x00000000000020e8        0x0 ./User/ch32x035_it.o

.fini           0x00000000000020e8        0x0
 *(SORT_NONE(.fini))
                0x00000000000020e8                . = ALIGN (0x4)
                [!provide]                        PROVIDE (_etext = .)
                [!provide]                        PROVIDE (_eitcm = .)

.preinit_array  0x00000000000020e8        0x0
                [!provide]                        PROVIDE (__preinit_array_start = .)
 *(.preinit_array)
                [!provide]                        PROVIDE (__preinit_array_end = .)

.init_array     0x00000000000020e8        0x0
                [!provide]                        PROVIDE (__init_array_start = .)
 *(SORT_BY_INIT_PRIORITY(.init_array.*) SORT_BY_INIT_PRIORITY(.ctors.*))
 *(.init_array EXCLUDE_FILE(*crtend?.o *crtend.o *crtbegin?.o *crtbegin.o) .ctors)
                [!provide]                        PROVIDE (__init_array_end = .)

.fini_array     0x00000000000020e8        0x0
                [!provide]                        PROVIDE (__fini_array_start = .)
 *(SORT_BY_INIT_PRIORITY(.fini_array.*) SORT_BY_INIT_PRIORITY(.dtors.*))
 *(.fini_array EXCLUDE_FILE(*crtend?.o *crtend.o *crtbegin?.o *crtbegin.o) .dtors)
                [!provide]                        PROVIDE (__fini_array_end = .)

.ctors
 *crtbegin.o(.ctors)
 *crtbegin?.o(.ctors)
 *(EXCLUDE_FILE(*crtend?.o *crtend.o) .ctors)
 *(SORT_BY_NAME(.ctors.*))
 *(.ctors)

.dtors
 *crtbegin.o(.dtors)
 *crtbegin?.o(.dtors)
 *(EXCLUDE_FILE(*crtend?.o *crtend.o) .dtors)
 *(SORT_BY_NAME(.dtors.*))
 *(.dtors)

.dalign         0x0000000020000000        0x0 load address 0x00000000000020e8
                0x0000000020000000                . = ALIGN (0x4)
                0x0000000020000000                PROVIDE (_data_vma = .)

.dlalign        0x00000000000020e8        0x0
                0x00000000000020e8                . = ALIGN (0x4)
                0x00000000000020e8                PROVIDE (_data_lma = .)

.data           0x0000000020000000       0xd8 load address 0x00000000000020e8
 *(.gnu.linkonce.r.*)
 *(.data .data.*)
 .data.pBuffer  0x0000000020000000       0x32 ./User/main.o
                0x0000000020000000                pBuffer
 *fill*         0x0000000020000032        0x2 
 .data.AHBPrescTable
                0x0000000020000034       0x10 ./User/system_ch32x035.o
                0x0000000020000034                AHBPrescTable
 .data.APBAHBPrescTable
                0x0000000020000044       0x10 ./Peripheral/src/ch32x035_rcc.o
 .data.impure_data
                0x0000000020000054       0x60 c:/mounriver/mounriver_studio/toolchain/risc-v embedded gcc/bin/../lib/gcc/riscv-none-embed/8.2.0/../../../../riscv-none-embed/lib/rv32imacxw/ilp32\libg_nano.a(lib_a-impure.o)
 *(.gnu.linkonce.d.*)
                0x00000000200000b8                . = ALIGN (0x8)
 *fill*         0x00000000200000b4        0x4 
                0x00000000200008b8                PROVIDE (__global_pointer$ = (. + 0x800))
 *(.sdata .sdata.*)
 .sdata.SystemCoreClock
                0x00000000200000b8        0x4 ./User/system_ch32x035.o
                0x00000000200000b8                SystemCoreClock
 .sdata.CFGHR_tmpA
                0x00000000200000bc        0x4 ./Peripheral/src/ch32x035_gpio.o
                0x00000000200000bc                CFGHR_tmpA
 .sdata.CFGHR_tmpB
                0x00000000200000c0        0x4 ./Peripheral/src/ch32x035_gpio.o
                0x00000000200000c0                CFGHR_tmpB
 .sdata.CFGHR_tmpC
                0x00000000200000c4        0x4 ./Peripheral/src/ch32x035_gpio.o
                0x00000000200000c4                CFGHR_tmpC
 .sdata.curbrk.4333
                0x00000000200000c8        0x4 ./Debug/debug.o
 .sdata._impure_ptr
                0x00000000200000cc        0x4 c:/mounriver/mounriver_studio/toolchain/risc-v embedded gcc/bin/../lib/gcc/riscv-none-embed/8.2.0/../../../../riscv-none-embed/lib/rv32imacxw/ilp32\libg_nano.a(lib_a-impure.o)
                0x00000000200000cc                _impure_ptr
 *(.sdata2.*)
 .sdata2._global_impure_ptr
                0x00000000200000d0        0x4 c:/mounriver/mounriver_studio/toolchain/risc-v embedded gcc/bin/../lib/gcc/riscv-none-embed/8.2.0/../../../../riscv-none-embed/lib/rv32imacxw/ilp32\libg_nano.a(lib_a-impure.o)
                0x00000000200000d0                _global_impure_ptr
 *(.gnu.linkonce.s.*)
                0x00000000200000d8                . = ALIGN (0x8)
 *fill*         0x00000000200000d4        0x4 
 *(.srodata.cst16)
 *(.srodata.cst8)
 *(.srodata.cst4)
 *(.srodata.cst2)
 *(.srodata .srodata.*)
                0x00000000200000d8                . = ALIGN (0x4)
                0x00000000200000d8                PROVIDE (_edata = .)

.bss            0x00000000200000d8       0x1c load address 0x00000000000021c0
                0x00000000200000d8                . = ALIGN (0x4)
                0x00000000200000d8                PROVIDE (_sbss = .)
 *(.sbss*)
 .sbss.Last_Sample
                0x00000000200000d8        0x4 ./User/main.o
                0x00000000200000d8                Last_Sample
 .sbss.Sample_Index
                0x00000000200000dc        0x4 ./User/main.o
                0x00000000200000dc                Sample_Index
 .sbss.NVIC_Priority_Group
                0x00000000200000e0        0x4 ./Peripheral/src/ch32x035_misc.o
                0x00000000200000e0                NVIC_Priority_Group
 .sbss.p_ms     0x00000000200000e4        0x2 ./Debug/debug.o
 .sbss.p_us     0x00000000200000e6        0x1 ./Debug/debug.o
 *fill*         0x00000000200000e7        0x1 
 .sbss.__malloc_free_list
                0x00000000200000e8        0x4 c:/mounriver/mounriver_studio/toolchain/risc-v embedded gcc/bin/../lib/gcc/riscv-none-embed/8.2.0/../../../../riscv-none-embed/lib/rv32imacxw/ilp32\libg_nano.a(lib_a-nano-mallocr.o)
                0x00000000200000e8                __malloc_free_list
 .sbss.__malloc_sbrk_start
                0x00000000200000ec        0x4 c:/mounriver/mounriver_studio/toolchain/risc-v embedded gcc/bin/../lib/gcc/riscv-none-embed/8.2.0/../../../../riscv-none-embed/lib/rv32imacxw/ilp32\libg_nano.a(lib_a-nano-mallocr.o)
                0x00000000200000ec                __malloc_sbrk_start
 *(.gnu.linkonce.sb.*)
 *(.bss*)
 *(.gnu.linkonce.b.*)
 *(COMMON*)
 COMMON         0x00000000200000f0        0x4 c:/mounriver/mounriver_studio/toolchain/risc-v embedded gcc/bin/../lib/gcc/riscv-none-embed/8.2.0/../../../../riscv-none-embed/lib/rv32imacxw/ilp32\libg_nano.a(lib_a-reent.o)
                0x00000000200000f0                errno
                0x00000000200000f4                . = ALIGN (0x4)
                0x00000000200000f4                PROVIDE (_ebss = .)
                0x00000000200000f4                PROVIDE (_end = _ebss)
                [!provide]                        PROVIDE (end = .)

.stack          0x0000000020003800      0x800
                0x0000000020003800                PROVIDE (_heap_end = .)
                0x0000000020003800                . = ALIGN (0x4)
                [!provide]                        PROVIDE (_susrstack = .)
                0x0000000020004000                . = (. + __stack_size)
 *fill*         0x0000000020003800      0x800 
                0x0000000020004000                PROVIDE (_eusrstack = .)
OUTPUT(PDM_PIOC.elf elf32-littleriscv)

.debug_info     0x0000000000000000     0xc30e
 .debug_info    0x0000000000000000      0x962 ./User/ch32x035_it.o
 .debug_info    0x0000000000000962     0x1b1b ./User/main.o
 .debug_info    0x000000000000247d      0xb56 ./User/system_ch32x035.o
 .debug_info    0x0000000000002fd3       0x22 ./Startup/startup_ch32x035.o
 .debug_info    0x0000000000002ff5      0xa94 ./Peripheral/src/ch32x035_dbgmcu.o
 .debug_info    0x0000000000003a89      0xd17 ./Peripheral/src/ch32x035_dma.o
 .debug_info    0x00000000000047a0     0x11c9 ./Peripheral/src/ch32x035_gpio.o
 .debug_info    0x0000000000005969      0xe36 ./Peripheral/src/ch32x035_misc.o
 .debug_info    0x000000000000679f      0xd8f ./Peripheral/src/ch32x035_rcc.o
 .debug_info    0x000000000000752e     0x2b87 ./Peripheral/src/ch32x035_tim.o
 .debug_info    0x000000000000a0b5     0x1333 ./Peripheral/src/ch32x035_usart.o
 .debug_info    0x000000000000b3e8      0xf26 ./Debug/debug.o

.debug_abbrev   0x0000000000000000     0x218f
 .debug_abbrev  0x0000000000000000      0x1cf ./User/ch32x035_it.o
 .debug_abbrev  0x00000000000001cf      0x3f6 ./User/main.o
 .debug_abbrev  0x00000000000005c5      0x258 ./User/system_ch32x035.o
 .debug_abbrev  0x000000000000081d       0x12 ./Startup/startup_ch32x035.o
 .debug_abbrev  0x000000000000082f      0x2f7 ./Peripheral/src/ch32x035_dbgmcu.o
 .debug_abbrev  0x0000000000000b26      0x302 ./Peripheral/src/ch32x035_dma.o
 .debug_abbrev  0x0000000000000e28      0x34b ./Peripheral/src/ch32x035_gpio.o
 .debug_abbrev  0x0000000000001173      0x2ea ./Peripheral/src/ch32x035_misc.o
 .debug_abbrev  0x000000000000145d      0x326 ./Peripheral/src/ch32x035_rcc.o
 .debug_abbrev  0x0000000000001783      0x418 ./Peripheral/src/ch32x035_tim.o
 .debug_abbrev  0x0000000000001b9b      0x312 ./Peripheral/src/ch32x035_usart.o
 .debug_abbrev  0x0000000000001ead      0x2e2 ./Debug/debug.o

.debug_aranges  0x0000000000000000      0x6e0
 .debug_aranges
                0x0000000000000000       0x28 ./User/ch32x035_it.o
 .debug_aranges
                0x0000000000000028       0x48 ./User/main.o
 .debug_aranges
                0x0000000000000070       0x28 ./User/system_ch32x035.o
 .debug_aranges
                0x0000000000000098       0x30 ./Startup/startup_ch32x035.o
 .debug_aranges
                0x00000000000000c8       0x48 ./Peripheral/src/ch32x035_dbgmcu.o
 .debug_aranges
                0x0000000000000110       0x60 ./Peripheral/src/ch32x035_dma.o
 .debug_aranges
                0x0000000000000170       0x98 ./Peripheral/src/ch32x035_gpio.o
 .debug_aranges
                0x0000000000000208       0x28 ./Peripheral/src/ch32x035_misc.o
 .debug_aranges
                0x0000000000000230       0x80 ./Peripheral/src/ch32x035_rcc.o
 .debug_aranges
                0x00000000000002b0      0x2f0 ./Peripheral/src/ch32x035_tim.o
 .debug_aranges
                0x00000000000005a0       0xf0 ./Peripheral/src/ch32x035_usart.o
 .debug_aranges
                0x0000000000000690       0x50 ./Debug/debug.o

.debug_ranges   0x0000000000000000      0x6b8
 .debug_ranges  0x0000000000000000       0x18 ./User/ch32x035_it.o
 .debug_ranges  0x0000000000000018       0x50 ./User/main.o
 .debug_ranges  0x0000000000000068       0x18 ./User/system_ch32x035.o
 .debug_ranges  0x0000000000000080       0x28 ./Startup/startup_ch32x035.o
 .debug_ranges  0x00000000000000a8       0x50 ./Peripheral/src/ch32x035_dbgmcu.o
 .debug_ranges  0x00000000000000f8       0x50 ./Peripheral/src/ch32x035_dma.o
 .debug_ranges  0x0000000000000148       0x88 ./Peripheral/src/ch32x035_gpio.o
 .debug_ranges  0x00000000000001d0       0x48 ./Peripheral/src/ch32x035_misc.o
 .debug_ranges  0x0000000000000218       0x70 ./Peripheral/src/ch32x035_rcc.o
 .debug_ranges  0x0000000000000288      0x310 ./Peripheral/src/ch32x035_tim.o
 .debug_ranges  0x0000000000000598       0xe0 ./Peripheral/src/ch32x035_usart.o
 .debug_ranges  0x0000000000000678       0x40 ./Debug/debug.o

.debug_line     0x0000000000000000     0x84b4
 .debug_line    0x0000000000000000      0x22a ./User/ch32x035_it.o
 .debug_line    0x000000000000022a      0xad4 ./User/main.o
 .debug_line    0x0000000000000cfe      0x380 ./User/system_ch32x035.o
 .debug_line    0x000000000000107e      0x160 ./Startup/startup_ch32x035.o
 .debug_line    0x00000000000011de      0x3bb ./Peripheral/src/ch32x035_dbgmcu.o
 .debug_line    0x0000000000001599      0x80e ./Peripheral/src/ch32x035_dma.o
 .debug_line    0x0000000000001da7     0x124a ./Peripheral/src/ch32x035_gpio.o
 .debug_line    0x0000000000002ff1      0x42a ./Peripheral/src/ch32x035_misc.o
 .debug_line    0x000000000000341b      0x813 ./Peripheral/src/ch32x035_rcc.o
 .debug_line    0x0000000000003c2e     0x3237 ./Peripheral/src/ch32x035_tim.o
 .debug_line    0x0000000000006e65      0xec3 ./Peripheral/src/ch32x035_usart.o
 .debug_line    0x0000000000007d28      0x78c ./Debug/debug.o

.debug_str      0x0000000000000000     0x273f
 .debug_str     0x0000000000000000      0x53c ./User/ch32x035_it.o
                                        0x59d (size before relaxing)
 .debug_str     0x000000000000053c      0xa1b ./User/main.o
                                        0xfd5 (size before relaxing)
 .debug_str     0x0000000000000f57       0xc7 ./User/system_ch32x035.o
                                        0x69b (size before relaxing)
 .debug_str     0x000000000000101e       0x6c ./Startup/startup_ch32x035.o
                                         0x8f (size before relaxing)
 .debug_str     0x000000000000108a       0xd9 ./Peripheral/src/ch32x035_dbgmcu.o
                                        0x66f (size before relaxing)
 .debug_str     0x0000000000001163      0x158 ./Peripheral/src/ch32x035_dma.o
                                        0x81c (size before relaxing)
 .debug_str     0x00000000000012bb      0x225 ./Peripheral/src/ch32x035_gpio.o
                                        0x975 (size before relaxing)
 .debug_str     0x00000000000014e0      0x126 ./Peripheral/src/ch32x035_misc.o
                                        0xa3a (size before relaxing)
 .debug_str     0x0000000000001606      0x1f0 ./Peripheral/src/ch32x035_rcc.o
                                        0x879 (size before relaxing)
 .debug_str     0x00000000000017f6      0xa4b ./Peripheral/src/ch32x035_tim.o
                                       0x13a9 (size before relaxing)
 .debug_str     0x0000000000002241      0x42b ./Peripheral/src/ch32x035_usart.o
                                        0xb02 (size before relaxing)
 .debug_str     0x000000000000266c       0xd3 ./Debug/debug.o
                                        0x903 (size before relaxing)

.comment        0x0000000000000000       0x33
 .comment       0x0000000000000000       0x33 ./User/ch32x035_it.o
                                         0x34 (size before relaxing)
 .comment       0x0000000000000033       0x34 ./User/main.o
 .comment       0x0000000000000033       0x34 ./User/system_ch32x035.o
 .comment       0x0000000000000033       0x34 ./Peripheral/src/ch32x035_dbgmcu.o
 .comment       0x0000000000000033       0x34 ./Peripheral/src/ch32x035_dma.o
 .comment       0x0000000000000033       0x34 ./Peripheral/src/ch32x035_gpio.o
 .comment       0x0000000000000033       0x34 ./Peripheral/src/ch32x035_misc.o
 .comment       0x0000000000000033       0x34 ./Peripheral/src/ch32x035_rcc.o
 .comment       0x0000000000000033       0x34 ./Peripheral/src/ch32x035_tim.o
 .comment       0x0000000000000033       0x34 ./Peripheral/src/ch32x035_usart.o
 .comment       0x0000000000000033       0x34 ./Debug/debug.o

.debug_frame    0x0000000000000000     0x16fc
 .debug_frame   0x0000000000000000       0x30 ./User/ch32x035_it.o
 .debug_frame   0x0000000000000030       0xd0 ./User/main.o
 .debug_frame   0x0000000000000100       0x30 ./User/system_ch32x035.o
 .debug_frame   0x0000000000000130       0x70 ./Peripheral/src/ch32x035_dbgmcu.o
 .debug_frame   0x00000000000001a0       0xcc ./Peripheral/src/ch32x035_dma.o
 .debug_frame   0x000000000000026c      0x140 ./Peripheral/src/ch32x035_gpio.o
 .debug_frame   0x00000000000003ac       0x30 ./Peripheral/src/ch32x035_misc.o
 .debug_frame   0x00000000000003dc       0xfc ./Peripheral/src/ch32x035_rcc.o
 .debug_frame   0x00000000000004d8      0x654 ./Peripheral/src/ch32x035_tim.o
 .debug_frame   0x0000000000000b2c      0x1e4 ./Peripheral/src/ch32x035_usart.o
 .debug_frame   0x0000000000000d10       0xb8 ./Debug/debug.o
 .debug_frame   0x0000000000000dc8       0x20 c:/mounriver/mounriver_studio/toolchain/risc-v embedded gcc/bin/../lib/gcc/riscv-none-embed/8.2.0/../../../../riscv-none-embed/lib/rv32imacxw/ilp32\libg_nano.a(lib_a-memcpy.o)
 .debug_frame   0x0000000000000de8       0x54 c:/mounriver/mounriver_studio/toolchain/risc-v embedded gcc/bin/../lib/gcc/riscv-none-embed/8.2.0/../../../../riscv-none-embed/lib/rv32imacxw/ilp32\libg_nano.a(lib_a-printf.o)
 .debug_frame   0x0000000000000e3c       0x54 c:/mounriver/mounriver_studio/toolchain/risc-v embedded gcc/bin/../lib/gcc/riscv-none-embed/8.2.0/../../../../riscv-none-embed/lib/rv32imacxw/ilp32\libg_nano.a(lib_a-puts.o)
 .debug_frame   0x0000000000000e90       0x50 c:/mounriver/mounriver_studio/toolchain/risc-v embedded gcc/bin/../lib/gcc/riscv-none-embed/8.2.0/../../../../riscv-none-embed/lib/rv32imacxw/ilp32\libg_nano.a(lib_a-wbuf.o)
 .debug_frame   0x0000000000000ee0       0x3c c:/mounriver/mounriver_studio/toolchain/risc-v embedded gcc/bin/../lib/gcc/riscv-none-embed/8.2.0/../../../../riscv-none-embed/lib/rv32imacxw/ilp32\libg_nano.a(lib_a-wsetup.o)
 .debug_frame   0x0000000000000f1c       0x7c c:/mounriver/mounriver_studio/toolchain/risc-v embedded gcc/bin/../lib/gcc/riscv-none-embed/8.2.0/../../../../riscv-none-embed/lib/rv32imacxw/ilp32\libg_nano.a(lib_a-fflush.o)
 .debug_frame   0x0000000000000f98      0x148 c:/mounriver/mounriver_studio/toolchain/risc-v embedded gcc/bin/../lib/gcc/riscv-none-embed/8.2.0/../../../../riscv-none-embed/lib/rv32imacxw/ilp32\libg_nano.a(lib_a-findfp.o)
 .debug_frame   0x00000000000010e0       0x88 c:/mounriver/mounriver_studio/toolchain/risc-v embedded gcc/bin/../lib/gcc/riscv-none-embed/8.2.0/../../../../riscv-none-embed/lib/rv32imacxw/ilp32\libg_nano.a(lib_a-fwalk.o)
 .debug_frame   0x0000000000001168       0x64 c:/mounriver/mounriver_studio/toolchain/risc-v embedded gcc/bin/../lib/gcc/riscv-none-embed/8.2.0/../../../../riscv-none-embed/lib/rv32imacxw/ilp32\libg_nano.a(lib_a-makebuf.o)
 .debug_frame   0x00000000000011cc       0x40 c:/mounriver/mounriver_studio/toolchain/risc-v embedded gcc/bin/../lib/gcc/riscv-none-embed/8.2.0/../../../../riscv-none-embed/lib/rv32imacxw/ilp32\libg_nano.a(lib_a-nano-freer.o)
 .debug_frame   0x000000000000120c       0x40 c:/mounriver/mounriver_studio/toolchain/risc-v embedded gcc/bin/../lib/gcc/riscv-none-embed/8.2.0/../../../../riscv-none-embed/lib/rv32imacxw/ilp32\libg_nano.a(lib_a-nano-mallocr.o)
 .debug_frame   0x000000000000124c       0xd0 c:/mounriver/mounriver_studio/toolchain/risc-v embedded gcc/bin/../lib/gcc/riscv-none-embed/8.2.0/../../../../riscv-none-embed/lib/rv32imacxw/ilp32\libg_nano.a(lib_a-nano-vfprintf.o)
 .debug_frame   0x000000000000131c       0x8c c:/mounriver/mounriver_studio/toolchain/risc-v embedded gcc/bin/../lib/gcc/riscv-none-embed/8.2.0/../../../../riscv-none-embed/lib/rv32imacxw/ilp32\libg_nano.a(lib_a-nano-vfprintf_i.o)
 .debug_frame   0x00000000000013a8       0x30 c:/mounriver/mounriver_studio/toolchain/risc-v embedded gcc/bin/../lib/gcc/riscv-none-embed/8.2.0/../../../../riscv-none-embed/lib/rv32imacxw/ilp32\libg_nano.a(lib_a-sbrkr.o)
 .debug_frame   0x00000000000013d8       0xa4 c:/mounriver/mounriver_studio/toolchain/risc-v embedded gcc/bin/../lib/gcc/riscv-none-embed/8.2.0/../../../../riscv-none-embed/lib/rv32imacxw/ilp32\libg_nano.a(lib_a-stdio.o)
 .debug_frame   0x000000000000147c       0x30 c:/mounriver/mounriver_studio/toolchain/risc-v embedded gcc/bin/../lib/gcc/riscv-none-embed/8.2.0/../../../../riscv-none-embed/lib/rv32imacxw/ilp32\libg_nano.a(lib_a-writer.o)
 .debug_frame   0x00000000000014ac       0x30 c:/mounriver/mounriver_studio/toolchain/risc-v embedded gcc/bin/../lib/gcc/riscv-none-embed/8.2.0/../../../../riscv-none-embed/lib/rv32imacxw/ilp32\libg_nano.a(lib_a-closer.o)
 .debug_frame   0x00000000000014dc       0x30 c:/mounriver/mounriver_studio/toolchain/risc-v embedded gcc/bin/../lib/gcc/riscv-none-embed/8.2.0/../../../../riscv-none-embed/lib/rv32imacxw/ilp32\libg_nano.a(lib_a-fstatr.o)
 .debug_frame   0x000000000000150c       0x30 c:/mounriver/mounriver_studio/toolchain/risc-v embedded gcc/bin/../lib/gcc/riscv-none-embed/8.2.0/../../../../riscv-none-embed/lib/rv32imacxw/ilp32\libg_nano.a(lib_a-isattyr.o)
 .debug_frame   0x000000000000153c       0x30 c:/mounriver/mounriver_studio/toolchain/risc-v embedded gcc/bin/../lib/gcc/riscv-none-embed/8.2.0/../../../../riscv-none-embed/lib/rv32imacxw/ilp32\libg_nano.a(lib_a-lseekr.o)
 .debug_frame   0x000000000000156c       0x20 c:/mounriver/mounriver_studio/toolchain/risc-v embedded gcc/bin/../lib/gcc/riscv-none-embed/8.2.0/../../../../riscv-none-embed/lib/rv32imacxw/ilp32\libg_nano.a(lib_a-memchr.o)
 .debug_frame   0x000000000000158c       0x30 c:/mounriver/mounriver_studio/toolchain/risc-v embedded gcc/bin/../lib/gcc/riscv-none-embed/8.2.0/../../../../riscv-none-embed/lib/rv32imacxw/ilp32\libg_nano.a(lib_a-mlock.o)
 .debug_frame   0x00000000000015bc       0x30 c:/mounriver/mounriver_studio/toolchain/risc-v embedded gcc/bin/../lib/gcc/riscv-none-embed/8.2.0/../../../../riscv-none-embed/lib/rv32imacxw/ilp32\libg_nano.a(lib_a-readr.o)
 .debug_frame   0x00000000000015ec       0x70 c:/mounriver/mounriver_studio/toolchain/risc-v embedded gcc/bin/../lib/gcc/riscv-none-embed/8.2.0/../../../../riscv-none-embed/lib/rv32imacxw/ilp32\libg_nano.a(lib_a-reent.o)
 .debug_frame   0x000000000000165c       0x20 c:/mounriver/mounriver_studio/toolchain/risc-v embedded gcc/bin/../lib/gcc/riscv-none-embed/8.2.0/../../../../riscv-none-embed/lib/rv32imacxw/ilp32\libnosys.a(close.o)
 .debug_frame   0x000000000000167c       0x20 c:/mounriver/mounriver_studio/toolchain/risc-v embedded gcc/bin/../lib/gcc/riscv-none-embed/8.2.0/../../../../riscv-none-embed/lib/rv32imacxw/ilp32\libnosys.a(fstat.o)
 .debug_frame   0x000000000000169c       0x20 c:/mounriver/mounriver_studio/toolchain/risc-v embedded gcc/bin/../lib/gcc/riscv-none-embed/8.2.0/../../../../riscv-none-embed/lib/rv32imacxw/ilp32\libnosys.a(isatty.o)
 .debug_frame   0x00000000000016bc       0x20 c:/mounriver/mounriver_studio/toolchain/risc-v embedded gcc/bin/../lib/gcc/riscv-none-embed/8.2.0/../../../../riscv-none-embed/lib/rv32imacxw/ilp32\libnosys.a(lseek.o)
 .debug_frame   0x00000000000016dc       0x20 c:/mounriver/mounriver_studio/toolchain/risc-v embedded gcc/bin/../lib/gcc/riscv-none-embed/8.2.0/../../../../riscv-none-embed/lib/rv32imacxw/ilp32\libnosys.a(read.o)

.debug_loc      0x0000000000000000     0x31ca
 .debug_loc     0x0000000000000000      0x192 ./User/main.o
 .debug_loc     0x0000000000000192       0x1f ./User/system_ch32x035.o
 .debug_loc     0x00000000000001b1       0x6e ./Peripheral/src/ch32x035_dbgmcu.o
 .debug_loc     0x000000000000021f      0x155 ./Peripheral/src/ch32x035_dma.o
 .debug_loc     0x0000000000000374      0x863 ./Peripheral/src/ch32x035_gpio.o
 .debug_loc     0x0000000000000bd7       0x2d ./Peripheral/src/ch32x035_misc.o
 .debug_loc     0x0000000000000c04      0x34e ./Peripheral/src/ch32x035_rcc.o
 .debug_loc     0x0000000000000f52     0x19ec ./Peripheral/src/ch32x035_tim.o
 .debug_loc     0x000000000000293e      0x715 ./Peripheral/src/ch32x035_usart.o
 .debug_loc     0x0000000000003053      0x177 ./Debug/debug.o

.stab           0x0000000000000000       0x84
 .stab          0x0000000000000000       0x24 c:/mounriver/mounriver_studio/toolchain/risc-v embedded gcc/bin/../lib/gcc/riscv-none-embed/8.2.0/../../../../riscv-none-embed/lib/rv32imacxw/ilp32\libnosys.a(close.o)
 .stab          0x0000000000000024       0x18 c:/mounriver/mounriver_studio/toolchain/risc-v embedded gcc/bin/../lib/gcc/riscv-none-embed/8.2.0/../../../../riscv-none-embed/lib/rv32imacxw/ilp32\libnosys.a(fstat.o)
                                         0x24 (size before relaxing)
 .stab          0x000000000000003c       0x18 c:/mounriver/mounriver_studio/toolchain/risc-v embedded gcc/bin/../lib/gcc/riscv-none-embed/8.2.0/../../../../riscv-none-embed/lib/rv32imacxw/ilp32\libnosys.a(isatty.o)
                                         0x24 (size before relaxing)
 .stab          0x0000000000000054       0x18 c:/mounriver/mounriver_studio/toolchain/risc-v embedded gcc/bin/../lib/gcc/riscv-none-embed/8.2.0/../../../../riscv-none-embed/lib/rv32imacxw/ilp32\libnosys.a(lseek.o)
                                         0x24 (size before relaxing)
 .stab          0x000000000000006c       0x18 c:/mounriver/mounriver_studio/toolchain/risc-v embedded gcc/bin/../lib/gcc/riscv-none-embed/8.2.0/../../../../riscv-none-embed/lib/rv32imacxw/ilp32\libnosys.a(read.o)
                                         0x24 (size before relaxing)

.stabstr        0x0000000000000000      0x117
 .stabstr       0x0000000000000000      0x117 c:/mounriver/mounriver_studio/toolchain/risc-v embedded gcc/bin/../lib/gcc/riscv-none-embed/8.2.0/../../../../riscv-none-embed/lib/rv32imacxw/ilp32\libnosys.a(close.o)
